// Jest Snapshot v1, https://goo.gl/fbAQLP

exports[`renders SigninForm unchanged 1`] = `
<form
  onSubmit={[Function]}
>
  <div
    className="field"
  >
    <div
      className="control is-expanded"
    >
      <label
        className="label"
        htmlFor="email"
      >
        Email
      </label>
      <div
        className="control"
      >
        <input
          autoComplete="username"
          className="input"
          id="email"
          name="email"
          onBlur={[Function]}
          onChange={[Function]}
          type="email"
          value=""
        />
      </div>
    </div>
  </div>
  <div
    className="field"
  >
    <label
      className="label"
      htmlFor="password"
    >
      Password
    </label>
    <div
      className="control"
    >
      <input
        autoComplete="new-password"
        className="input"
        id="password"
        name="password"
        onBlur={[Function]}
        onChange={[Function]}
        type="password"
        value=""
      />
    </div>
  </div>
  <div
    className="field is-grouped"
  >
    <div
      className="control"
    >
      <button
        className="button has-background-primary-dark "
        disabled={false}
        type="submit"
      >
        Sign In
      </button>
    </div>
    <div
      className="control"
    >
      <a
        className="button is-link"
        href="/signup"
        onClick={[Function]}
        onMouseEnter={[Function]}
      >
        Don't have an account? Sign Up.
      </a>
    </div>
  </div>
</form>
`;
