// Jest Snapshot v1, https://goo.gl/fbAQLP

exports[`renders SignupForm unchanged 1`] = `
<form
  onSubmit={[Function]}
>
  <div
    className="columns"
  >
    <div
      className="column"
    >
      <div
        className="field"
      >
        <label
          className="label"
          htmlFor="firstName"
        >
          First Name
        </label>
        <div
          className="control"
        >
          <input
            autoComplete="given-name"
            className="input"
            id="firstName"
            name="firstName"
            onBlur={[Function]}
            onChange={[Function]}
            type="text"
            value=""
          />
        </div>
      </div>
    </div>
    <div
      className="column"
    >
      <div
        className="field"
      >
        <label
          className="label"
          htmlFor="email"
        >
          Email
        </label>
        <div
          className="control"
        >
          <input
            autoComplete="username"
            className="input"
            id="email"
            name="email"
            onBlur={[Function]}
            onChange={[Function]}
            type="email"
            value=""
          />
        </div>
      </div>
    </div>
  </div>
  <div
    className="field"
  >
    <label
      className="label"
      htmlFor="password"
    >
      Password
    </label>
    <div
      className="control"
    >
      <input
        autoComplete="new-password"
        className="input"
        id="password"
        name="password"
        onBlur={[Function]}
        onChange={[Function]}
        type="password"
        value=""
      />
    </div>
  </div>
  <div
    className="field"
  >
    <label
      className="label"
      htmlFor="confirmPassword"
    >
      Confirm Password
    </label>
    <div
      className="control"
    >
      <input
        autoComplete="new-password"
        className="input"
        id="confirmPassword"
        name="confirmPassword"
        onBlur={[Function]}
        onChange={[Function]}
        type="password"
        value=""
      />
    </div>
  </div>
  <div
    className="columns"
  >
    <div
      className="column"
    >
      <div
        className="field"
      >
        <label
          className="label"
          htmlFor="birthdate"
        >
          Birthdate
        </label>
        <div
          className="control"
        >
          <input
            autoComplete="bday"
            className="input"
            id="birthdate"
            name="birthdate"
            onBlur={[Function]}
            onChange={[Function]}
            placeholder="yyyy-mm-dd"
            type="date"
            value=""
          />
        </div>
      </div>
    </div>
    <div
      className="column is-narrow"
    >
      <div
        className="field"
      >
        <label
          className="label"
          htmlFor="sex"
        >
          Sex
        </label>
        <div
          className="control"
        >
          <div
            className="select"
          >
            <select
              autoComplete="sex"
              id="sex"
              name="sex"
              onBlur={[Function]}
              onChange={[Function]}
              value=""
            >
              <option
                value="MALE"
              >
                Male
              </option>
              <option
                value="FEMALE"
              >
                Female
              </option>
            </select>
          </div>
        </div>
      </div>
    </div>
  </div>
  <div
    className="field"
  >
    <div
      className="columns is-variable is-0-mobile is-3-tablet"
    >
      <div
        className="column is-narrow"
      >
        <div
          className="control"
        >
          <button
            className="button has-background-primary-dark "
            disabled={false}
            type="submit"
          >
            Sign Up
          </button>
        </div>
      </div>
      <div
        className="column"
      >
        <a
          className="button is-link"
          href="/signin"
          onClick={[Function]}
          onMouseEnter={[Function]}
        >
          Already a member? Sign In.
        </a>
      </div>
    </div>
  </div>
</form>
`;
